// Jest Snapshot v1, https://goo.gl/fbAQLP

exports[`Impressum should render correctly 1`] = `
<div>
  Impressum
</div>
`;
