// Jest Snapshot v1, https://goo.gl/fbAQLP

exports[`SignUp should render correctly 1`] = `
<div>
  SignUp
</div>
`;
