// Jest Snapshot v1, https://goo.gl/fbAQLP

exports[`Maps should render correctly 1`] = `
<styled.div>
  <ChooseCity />
</styled.div>
`;
